Archive member included to satisfy reference by file (symbol)

c:/program files (x86)/avr-gcc-12.0.1_hhs/bin/../lib/gcc/avr/12.1.0/avr6\libgcc.a(_exit.o)
                              c:/program files (x86)/avr-gcc-12.0.1_hhs/bin/../lib/gcc/avr/12.1.0/../../../../avr/lib/avr6/crtatmega2560.o (exit)
c:/program files (x86)/avr-gcc-12.0.1_hhs/bin/../lib/gcc/avr/12.1.0/avr6\libgcc.a(_copy_data.o)
                              obj\Debug\Display.o (__do_copy_data)
c:/program files (x86)/avr-gcc-12.0.1_hhs/bin/../lib/gcc/avr/12.1.0/avr6\libgcc.a(_umulhisi3.o)
                              obj\Debug\Display.o (__umulhisi3)

Memory Configuration

Name             Origin             Length             Attributes
text             0x0000000000000000 0x0000000000100000 xr
data             0x0000000000800200 0x000000000000fe00 rw !x
eeprom           0x0000000000810000 0x0000000000010000 rw !x
fuse             0x0000000000820000 0x0000000000000003 rw !x
lock             0x0000000000830000 0x0000000000000400 rw !x
signature        0x0000000000840000 0x0000000000000400 rw !x
user_signatures  0x0000000000850000 0x0000000000000400 rw !x
*default*        0x0000000000000000 0xffffffffffffffff

Linker script and memory map

Address of section .data set to 0x800200
LOAD c:/program files (x86)/avr-gcc-12.0.1_hhs/bin/../lib/gcc/avr/12.1.0/../../../../avr/lib/avr6/crtatmega2560.o
LOAD obj\Debug\Display.o
LOAD obj\Debug\fuse.o
LOAD obj\Debug\Initialisatie.o
LOAD obj\Debug\main.o
LOAD obj\Debug\RFID_sensor.o
LOAD obj\Debug\Sequence.o
START GROUP
LOAD c:/program files (x86)/avr-gcc-12.0.1_hhs/bin/../lib/gcc/avr/12.1.0/avr6\libgcc.a
LOAD c:/program files (x86)/avr-gcc-12.0.1_hhs/bin/../lib/gcc/avr/12.1.0/../../../../avr/lib/avr6\libm.a
LOAD c:/program files (x86)/avr-gcc-12.0.1_hhs/bin/../lib/gcc/avr/12.1.0/../../../../avr/lib/avr6\libc.a
LOAD c:/program files (x86)/avr-gcc-12.0.1_hhs/bin/../lib/gcc/avr/12.1.0/../../../../avr/lib/avr6\libatmega2560.a
END GROUP
                0x0000000000100000                __TEXT_REGION_LENGTH__ = DEFINED (__TEXT_REGION_LENGTH__)?__TEXT_REGION_LENGTH__:0x100000
                0x000000000000fe00                __DATA_REGION_LENGTH__ = DEFINED (__DATA_REGION_LENGTH__)?__DATA_REGION_LENGTH__:0xfe00
                0x0000000000010000                __EEPROM_REGION_LENGTH__ = DEFINED (__EEPROM_REGION_LENGTH__)?__EEPROM_REGION_LENGTH__:0x10000
                [0x0000000000000003]                __FUSE_REGION_LENGTH__ = DEFINED (__FUSE_REGION_LENGTH__)?__FUSE_REGION_LENGTH__:0x400
                0x0000000000000400                __LOCK_REGION_LENGTH__ = DEFINED (__LOCK_REGION_LENGTH__)?__LOCK_REGION_LENGTH__:0x400
                0x0000000000000400                __SIGNATURE_REGION_LENGTH__ = DEFINED (__SIGNATURE_REGION_LENGTH__)?__SIGNATURE_REGION_LENGTH__:0x400
                0x0000000000000400                __USER_SIGNATURE_REGION_LENGTH__ = DEFINED (__USER_SIGNATURE_REGION_LENGTH__)?__USER_SIGNATURE_REGION_LENGTH__:0x400

.hash
 *(.hash)

.dynsym
 *(.dynsym)

.dynstr
 *(.dynstr)

.gnu.version
 *(.gnu.version)

.gnu.version_d
 *(.gnu.version_d)

.gnu.version_r
 *(.gnu.version_r)

.rel.init
 *(.rel.init)

.rela.init
 *(.rela.init)

.rel.text
 *(.rel.text)
 *(.rel.text.*)
 *(.rel.gnu.linkonce.t*)

.rela.text
 *(.rela.text)
 *(.rela.text.*)
 *(.rela.gnu.linkonce.t*)

.rel.fini
 *(.rel.fini)

.rela.fini
 *(.rela.fini)

.rel.rodata
 *(.rel.rodata)
 *(.rel.rodata.*)
 *(.rel.gnu.linkonce.r*)

.rela.rodata
 *(.rela.rodata)
 *(.rela.rodata.*)
 *(.rela.gnu.linkonce.r*)

.rel.data
 *(.rel.data)
 *(.rel.data.*)
 *(.rel.gnu.linkonce.d*)

.rela.data
 *(.rela.data)
 *(.rela.data.*)
 *(.rela.gnu.linkonce.d*)

.rel.ctors
 *(.rel.ctors)

.rela.ctors
 *(.rela.ctors)

.rel.dtors
 *(.rel.dtors)

.rela.dtors
 *(.rela.dtors)

.rel.got
 *(.rel.got)

.rela.got
 *(.rela.got)

.rel.bss
 *(.rel.bss)

.rela.bss
 *(.rela.bss)

.rel.plt
 *(.rel.plt)

.rela.plt
 *(.rela.plt)

.text           0x0000000000000000      0x8e0
 *(.vectors)
 .vectors       0x0000000000000000       0xe4 c:/program files (x86)/avr-gcc-12.0.1_hhs/bin/../lib/gcc/avr/12.1.0/../../../../avr/lib/avr6/crtatmega2560.o
                0x0000000000000000                __vector_default
                0x0000000000000000                __vectors
 *(.vectors)
 *(.progmem.gcc*)
                0x00000000000000e4                . = ALIGN (0x2)
                0x00000000000000e4                __trampolines_start = .
 *(.trampolines)
 .trampolines   0x00000000000000e4        0x0 linker stubs
 *(.trampolines*)
                0x00000000000000e4                __trampolines_end = .
 *libprintf_flt.a:*(.progmem.data)
 *libc.a:*(.progmem.data)
 *(.progmem.*)
                0x00000000000000e4                . = ALIGN (0x2)
 *(.lowtext)
 *(.lowtext*)
                0x00000000000000e4                __ctors_start = .
 *(.ctors)
                0x00000000000000e4                __ctors_end = .
                0x00000000000000e4                __dtors_start = .
 *(.dtors)
                0x00000000000000e4                __dtors_end = .
 SORT_BY_NAME(*)(.ctors)
 SORT_BY_NAME(*)(.dtors)
 *(.init0)
 .init0         0x00000000000000e4        0x0 c:/program files (x86)/avr-gcc-12.0.1_hhs/bin/../lib/gcc/avr/12.1.0/../../../../avr/lib/avr6/crtatmega2560.o
                0x00000000000000e4                __init
 *(.init0)
 *(.init1)
 *(.init1)
 *(.init2)
 .init2         0x00000000000000e4       0x10 c:/program files (x86)/avr-gcc-12.0.1_hhs/bin/../lib/gcc/avr/12.1.0/../../../../avr/lib/avr6/crtatmega2560.o
 *(.init2)
 *(.init3)
 *(.init3)
 *(.init4)
 .init4         0x00000000000000f4       0x1a c:/program files (x86)/avr-gcc-12.0.1_hhs/bin/../lib/gcc/avr/12.1.0/avr6\libgcc.a(_copy_data.o)
                0x00000000000000f4                __do_copy_data
 *(.init4)
 *(.init5)
 *(.init5)
 *(.init6)
 *(.init6)
 *(.init7)
 *(.init7)
 *(.init8)
 *(.init8)
 *(.init9)
 .init9         0x000000000000010e        0x8 c:/program files (x86)/avr-gcc-12.0.1_hhs/bin/../lib/gcc/avr/12.1.0/../../../../avr/lib/avr6/crtatmega2560.o
 *(.init9)
 *(.text)
 .text          0x0000000000000116        0x4 c:/program files (x86)/avr-gcc-12.0.1_hhs/bin/../lib/gcc/avr/12.1.0/../../../../avr/lib/avr6/crtatmega2560.o
                0x0000000000000116                __vector_38
                0x0000000000000116                __vector_22
                0x0000000000000116                __vector_28
                0x0000000000000116                __vector_1
                0x0000000000000116                __vector_32
                0x0000000000000116                __vector_34
                0x0000000000000116                __vector_24
                0x0000000000000116                __vector_12
                0x0000000000000116                __vector_55
                0x0000000000000116                __vector_46
                0x0000000000000116                __bad_interrupt
                0x0000000000000116                __vector_6
                0x0000000000000116                __vector_31
                0x0000000000000116                __vector_35
                0x0000000000000116                __vector_39
                0x0000000000000116                __vector_3
                0x0000000000000116                __vector_23
                0x0000000000000116                __vector_30
                0x0000000000000116                __vector_45
                0x0000000000000116                __vector_25
                0x0000000000000116                __vector_11
                0x0000000000000116                __vector_54
                0x0000000000000116                __vector_13
                0x0000000000000116                __vector_17
                0x0000000000000116                __vector_19
                0x0000000000000116                __vector_56
                0x0000000000000116                __vector_7
                0x0000000000000116                __vector_49
                0x0000000000000116                __vector_41
                0x0000000000000116                __vector_43
                0x0000000000000116                __vector_27
                0x0000000000000116                __vector_5
                0x0000000000000116                __vector_33
                0x0000000000000116                __vector_47
                0x0000000000000116                __vector_52
                0x0000000000000116                __vector_37
                0x0000000000000116                __vector_4
                0x0000000000000116                __vector_44
                0x0000000000000116                __vector_51
                0x0000000000000116                __vector_9
                0x0000000000000116                __vector_2
                0x0000000000000116                __vector_21
                0x0000000000000116                __vector_15
                0x0000000000000116                __vector_36
                0x0000000000000116                __vector_29
                0x0000000000000116                __vector_40
                0x0000000000000116                __vector_8
                0x0000000000000116                __vector_26
                0x0000000000000116                __vector_48
                0x0000000000000116                __vector_14
                0x0000000000000116                __vector_53
                0x0000000000000116                __vector_10
                0x0000000000000116                __vector_50
                0x0000000000000116                __vector_16
                0x0000000000000116                __vector_18
                0x0000000000000116                __vector_20
                0x0000000000000116                __vector_42
 .text          0x000000000000011a      0x1ea obj\Debug\Display.o
                0x000000000000011a                send_byte
                0x00000000000001a0                display_verzending_aan
                0x00000000000001e0                display_verzending_uit
                0x0000000000000216                display
 .text          0x0000000000000304        0x0 obj\Debug\fuse.o
 .text          0x0000000000000304      0x20c obj\Debug\Initialisatie.o
                0x0000000000000304                initialisatie_communicatie
                0x000000000000031e                initialisatie_RFID
                0x0000000000000392                RFID_aanzetten
                0x000000000000047c                initialisatie_IRsensor
                0x000000000000049e                initialisatie_display
                0x00000000000004ca                initialisatie_leds
                0x00000000000004ea                initialisatie_knop
                0x00000000000004f0                initialisatie
 .text          0x0000000000000510        0xe obj\Debug\main.o
                0x0000000000000510                main
 .text          0x000000000000051e      0x1d4 obj\Debug\RFID_sensor.o
                0x000000000000051e                spi_transfer
                0x000000000000052a                RFID_write_rechts
                0x0000000000000558                RFID_write_links
                0x0000000000000586                RFID_read_rechts
                0x00000000000005b0                RFID_read_links
                0x00000000000005da                pasje_checken_rechts
                0x0000000000000652                pasje_checken_links
                0x00000000000006ca                RFID_checken
 .text          0x00000000000006f2      0x1cc obj\Debug\Sequence.o
                0x00000000000006f2                stopsignaal_hoog
                0x00000000000006f6                stopsignaal_laag
                0x000000000000070c                led_blauw
                0x0000000000000722                led_groen
                0x0000000000000738                detectie
 .text          0x00000000000008be        0x0 c:/program files (x86)/avr-gcc-12.0.1_hhs/bin/../lib/gcc/avr/12.1.0/avr6\libgcc.a(_exit.o)
 .text          0x00000000000008be        0x0 c:/program files (x86)/avr-gcc-12.0.1_hhs/bin/../lib/gcc/avr/12.1.0/avr6\libgcc.a(_copy_data.o)
 .text          0x00000000000008be        0x0 c:/program files (x86)/avr-gcc-12.0.1_hhs/bin/../lib/gcc/avr/12.1.0/avr6\libgcc.a(_umulhisi3.o)
                0x00000000000008be                . = ALIGN (0x2)
 *(.text.*)
 .text.libgcc.mul
                0x00000000000008be        0x0 c:/program files (x86)/avr-gcc-12.0.1_hhs/bin/../lib/gcc/avr/12.1.0/avr6\libgcc.a(_exit.o)
 .text.libgcc.div
                0x00000000000008be        0x0 c:/program files (x86)/avr-gcc-12.0.1_hhs/bin/../lib/gcc/avr/12.1.0/avr6\libgcc.a(_exit.o)
 .text.libgcc   0x00000000000008be        0x0 c:/program files (x86)/avr-gcc-12.0.1_hhs/bin/../lib/gcc/avr/12.1.0/avr6\libgcc.a(_exit.o)
 .text.libgcc.prologue
                0x00000000000008be        0x0 c:/program files (x86)/avr-gcc-12.0.1_hhs/bin/../lib/gcc/avr/12.1.0/avr6\libgcc.a(_exit.o)
 .text.libgcc.builtins
                0x00000000000008be        0x0 c:/program files (x86)/avr-gcc-12.0.1_hhs/bin/../lib/gcc/avr/12.1.0/avr6\libgcc.a(_exit.o)
 .text.libgcc.fmul
                0x00000000000008be        0x0 c:/program files (x86)/avr-gcc-12.0.1_hhs/bin/../lib/gcc/avr/12.1.0/avr6\libgcc.a(_exit.o)
 .text.libgcc.fixed
                0x00000000000008be        0x0 c:/program files (x86)/avr-gcc-12.0.1_hhs/bin/../lib/gcc/avr/12.1.0/avr6\libgcc.a(_exit.o)
 .text.libgcc.mul
                0x00000000000008be        0x0 c:/program files (x86)/avr-gcc-12.0.1_hhs/bin/../lib/gcc/avr/12.1.0/avr6\libgcc.a(_copy_data.o)
 .text.libgcc.div
                0x00000000000008be        0x0 c:/program files (x86)/avr-gcc-12.0.1_hhs/bin/../lib/gcc/avr/12.1.0/avr6\libgcc.a(_copy_data.o)
 .text.libgcc   0x00000000000008be        0x0 c:/program files (x86)/avr-gcc-12.0.1_hhs/bin/../lib/gcc/avr/12.1.0/avr6\libgcc.a(_copy_data.o)
 .text.libgcc.prologue
                0x00000000000008be        0x0 c:/program files (x86)/avr-gcc-12.0.1_hhs/bin/../lib/gcc/avr/12.1.0/avr6\libgcc.a(_copy_data.o)
 .text.libgcc.builtins
                0x00000000000008be        0x0 c:/program files (x86)/avr-gcc-12.0.1_hhs/bin/../lib/gcc/avr/12.1.0/avr6\libgcc.a(_copy_data.o)
 .text.libgcc.fmul
                0x00000000000008be        0x0 c:/program files (x86)/avr-gcc-12.0.1_hhs/bin/../lib/gcc/avr/12.1.0/avr6\libgcc.a(_copy_data.o)
 .text.libgcc.fixed
                0x00000000000008be        0x0 c:/program files (x86)/avr-gcc-12.0.1_hhs/bin/../lib/gcc/avr/12.1.0/avr6\libgcc.a(_copy_data.o)
 .text.libgcc.mul
                0x00000000000008be       0x1e c:/program files (x86)/avr-gcc-12.0.1_hhs/bin/../lib/gcc/avr/12.1.0/avr6\libgcc.a(_umulhisi3.o)
                0x00000000000008be                __umulhisi3
 .text.libgcc.div
                0x00000000000008dc        0x0 c:/program files (x86)/avr-gcc-12.0.1_hhs/bin/../lib/gcc/avr/12.1.0/avr6\libgcc.a(_umulhisi3.o)
 .text.libgcc   0x00000000000008dc        0x0 c:/program files (x86)/avr-gcc-12.0.1_hhs/bin/../lib/gcc/avr/12.1.0/avr6\libgcc.a(_umulhisi3.o)
 .text.libgcc.prologue
                0x00000000000008dc        0x0 c:/program files (x86)/avr-gcc-12.0.1_hhs/bin/../lib/gcc/avr/12.1.0/avr6\libgcc.a(_umulhisi3.o)
 .text.libgcc.builtins
                0x00000000000008dc        0x0 c:/program files (x86)/avr-gcc-12.0.1_hhs/bin/../lib/gcc/avr/12.1.0/avr6\libgcc.a(_umulhisi3.o)
 .text.libgcc.fmul
                0x00000000000008dc        0x0 c:/program files (x86)/avr-gcc-12.0.1_hhs/bin/../lib/gcc/avr/12.1.0/avr6\libgcc.a(_umulhisi3.o)
 .text.libgcc.fixed
                0x00000000000008dc        0x0 c:/program files (x86)/avr-gcc-12.0.1_hhs/bin/../lib/gcc/avr/12.1.0/avr6\libgcc.a(_umulhisi3.o)
                0x00000000000008dc                . = ALIGN (0x2)
 *(.fini9)
 .fini9         0x00000000000008dc        0x0 c:/program files (x86)/avr-gcc-12.0.1_hhs/bin/../lib/gcc/avr/12.1.0/avr6\libgcc.a(_exit.o)
                0x00000000000008dc                _exit
                0x00000000000008dc                exit
 *(.fini9)
 *(.fini8)
 *(.fini8)
 *(.fini7)
 *(.fini7)
 *(.fini6)
 *(.fini6)
 *(.fini5)
 *(.fini5)
 *(.fini4)
 *(.fini4)
 *(.fini3)
 *(.fini3)
 *(.fini2)
 *(.fini2)
 *(.fini1)
 *(.fini1)
 *(.fini0)
 .fini0         0x00000000000008dc        0x4 c:/program files (x86)/avr-gcc-12.0.1_hhs/bin/../lib/gcc/avr/12.1.0/avr6\libgcc.a(_exit.o)
 *(.fini0)
 *(.hightext)
 *(.hightext*)
 *(.progmemx.*)
                0x00000000000008e0                . = ALIGN (0x2)
 *(.jumptables)
 *(.jumptables*)
                0x00000000000008e0                _etext = .

.data           0x0000000000800200        0xa load address 0x00000000000008e0
                0x0000000000800200                PROVIDE (__data_start = .)
 *(.data)
 .data          0x0000000000800200        0x0 c:/program files (x86)/avr-gcc-12.0.1_hhs/bin/../lib/gcc/avr/12.1.0/../../../../avr/lib/avr6/crtatmega2560.o
 .data          0x0000000000800200        0x0 obj\Debug\Display.o
 .data          0x0000000000800200        0x0 obj\Debug\fuse.o
 .data          0x0000000000800200        0x0 obj\Debug\Initialisatie.o
 .data          0x0000000000800200        0x0 obj\Debug\main.o
 .data          0x0000000000800200        0x0 obj\Debug\RFID_sensor.o
 .data          0x0000000000800200        0x0 obj\Debug\Sequence.o
 .data          0x0000000000800200        0x0 c:/program files (x86)/avr-gcc-12.0.1_hhs/bin/../lib/gcc/avr/12.1.0/avr6\libgcc.a(_exit.o)
 .data          0x0000000000800200        0x0 c:/program files (x86)/avr-gcc-12.0.1_hhs/bin/../lib/gcc/avr/12.1.0/avr6\libgcc.a(_copy_data.o)
 .data          0x0000000000800200        0x0 c:/program files (x86)/avr-gcc-12.0.1_hhs/bin/../lib/gcc/avr/12.1.0/avr6\libgcc.a(_umulhisi3.o)
 *(.data*)
 *(.gnu.linkonce.d*)
 *(.rodata)
 .rodata        0x0000000000800200        0xa obj\Debug\Display.o
                0x0000000000800200                segmentMap
 *(.rodata*)
 *(.gnu.linkonce.r*)
                0x000000000080020a                . = ALIGN (0x2)
                0x000000000080020a                _edata = .
                0x000000000080020a                PROVIDE (__data_end = .)

.bss            0x000000000080020a        0x0
                [!provide]                        PROVIDE (__bss_start = .)
 *(.bss)
 .bss           0x000000000080020a        0x0 c:/program files (x86)/avr-gcc-12.0.1_hhs/bin/../lib/gcc/avr/12.1.0/../../../../avr/lib/avr6/crtatmega2560.o
 .bss           0x000000000080020a        0x0 obj\Debug\Display.o
 .bss           0x000000000080020a        0x0 obj\Debug\fuse.o
 .bss           0x000000000080020a        0x0 obj\Debug\Initialisatie.o
 .bss           0x000000000080020a        0x0 obj\Debug\main.o
 .bss           0x000000000080020a        0x0 obj\Debug\RFID_sensor.o
 .bss           0x000000000080020a        0x0 obj\Debug\Sequence.o
 .bss           0x000000000080020a        0x0 c:/program files (x86)/avr-gcc-12.0.1_hhs/bin/../lib/gcc/avr/12.1.0/avr6\libgcc.a(_exit.o)
 .bss           0x000000000080020a        0x0 c:/program files (x86)/avr-gcc-12.0.1_hhs/bin/../lib/gcc/avr/12.1.0/avr6\libgcc.a(_copy_data.o)
 .bss           0x000000000080020a        0x0 c:/program files (x86)/avr-gcc-12.0.1_hhs/bin/../lib/gcc/avr/12.1.0/avr6\libgcc.a(_umulhisi3.o)
 *(.bss*)
 *(COMMON)
                [!provide]                        PROVIDE (__bss_end = .)
                0x00000000000008e0                __data_load_start = LOADADDR (.data)
                0x00000000000008ea                __data_load_end = (__data_load_start + SIZEOF (.data))

.noinit         0x000000000080020a        0x0
                [!provide]                        PROVIDE (__noinit_start = .)
 *(.noinit .noinit.* .gnu.linkonce.n.*)
                [!provide]                        PROVIDE (__noinit_end = .)
                0x000000000080020a                _end = .
                [!provide]                        PROVIDE (__heap_start = .)

.eeprom         0x0000000000810000        0x0
 *(.eeprom*)
                0x0000000000810000                __eeprom_end = .

.fuse           0x0000000000820000        0x3
 *(.fuse)
 .fuse          0x0000000000820000        0x3 obj\Debug\fuse.o
                0x0000000000820000                __fuse
 *(.lfuse)
 *(.hfuse)
 *(.efuse)

.lock
 *(.lock*)

.signature
 *(.signature*)

.stab
 *(.stab)

.stabstr
 *(.stabstr)

.stab.excl
 *(.stab.excl)

.stab.exclstr
 *(.stab.exclstr)

.stab.index
 *(.stab.index)

.stab.indexstr
 *(.stab.indexstr)

.comment        0x0000000000000000       0x12
 *(.comment)
 .comment       0x0000000000000000       0x12 obj\Debug\Display.o
                                         0x13 (size before relaxing)
 .comment       0x0000000000000012       0x13 obj\Debug\fuse.o
 .comment       0x0000000000000012       0x13 obj\Debug\Initialisatie.o
 .comment       0x0000000000000012       0x13 obj\Debug\main.o
 .comment       0x0000000000000012       0x13 obj\Debug\RFID_sensor.o
 .comment       0x0000000000000012       0x13 obj\Debug\Sequence.o

.note.gnu.avr.deviceinfo
                0x0000000000000000       0x40
 .note.gnu.avr.deviceinfo
                0x0000000000000000       0x40 c:/program files (x86)/avr-gcc-12.0.1_hhs/bin/../lib/gcc/avr/12.1.0/../../../../avr/lib/avr6/crtatmega2560.o

.note.gnu.build-id
 *(.note.gnu.build-id)

.debug
 *(.debug)

.line
 *(.line)

.debug_srcinfo
 *(.debug_srcinfo)

.debug_sfnames
 *(.debug_sfnames)

.debug_aranges  0x0000000000000000      0x118
 *(.debug_aranges)
 .debug_aranges
                0x0000000000000000       0x20 obj\Debug\Display.o
 .debug_aranges
                0x0000000000000020       0x18 obj\Debug\fuse.o
 .debug_aranges
                0x0000000000000038       0x20 obj\Debug\Initialisatie.o
 .debug_aranges
                0x0000000000000058       0x20 obj\Debug\main.o
 .debug_aranges
                0x0000000000000078       0x20 obj\Debug\RFID_sensor.o
 .debug_aranges
                0x0000000000000098       0x20 obj\Debug\Sequence.o
 .debug_aranges
                0x00000000000000b8       0x20 c:/program files (x86)/avr-gcc-12.0.1_hhs/bin/../lib/gcc/avr/12.1.0/avr6\libgcc.a(_exit.o)
 .debug_aranges
                0x00000000000000d8       0x20 c:/program files (x86)/avr-gcc-12.0.1_hhs/bin/../lib/gcc/avr/12.1.0/avr6\libgcc.a(_copy_data.o)
 .debug_aranges
                0x00000000000000f8       0x20 c:/program files (x86)/avr-gcc-12.0.1_hhs/bin/../lib/gcc/avr/12.1.0/avr6\libgcc.a(_umulhisi3.o)

.debug_pubnames
 *(.debug_pubnames)

.debug_info     0x0000000000000000     0x211f
 *(.debug_info .gnu.linkonce.wi.*)
 .debug_info    0x0000000000000000      0xbbc c:/program files (x86)/avr-gcc-12.0.1_hhs/bin/../lib/gcc/avr/12.1.0/../../../../avr/lib/avr6/crtatmega2560.o
 .debug_info    0x0000000000000bbc      0x4b1 obj\Debug\Display.o
 .debug_info    0x000000000000106d       0xa2 obj\Debug\fuse.o
 .debug_info    0x000000000000110f      0x4ce obj\Debug\Initialisatie.o
 .debug_info    0x00000000000015dd       0xa2 obj\Debug\main.o
 .debug_info    0x000000000000167f      0x59a obj\Debug\RFID_sensor.o
 .debug_info    0x0000000000001c19      0x49a obj\Debug\Sequence.o
 .debug_info    0x00000000000020b3       0x24 c:/program files (x86)/avr-gcc-12.0.1_hhs/bin/../lib/gcc/avr/12.1.0/avr6\libgcc.a(_exit.o)
 .debug_info    0x00000000000020d7       0x24 c:/program files (x86)/avr-gcc-12.0.1_hhs/bin/../lib/gcc/avr/12.1.0/avr6\libgcc.a(_copy_data.o)
 .debug_info    0x00000000000020fb       0x24 c:/program files (x86)/avr-gcc-12.0.1_hhs/bin/../lib/gcc/avr/12.1.0/avr6\libgcc.a(_umulhisi3.o)

.debug_abbrev   0x0000000000000000     0x12ac
 *(.debug_abbrev)
 .debug_abbrev  0x0000000000000000      0xb1a c:/program files (x86)/avr-gcc-12.0.1_hhs/bin/../lib/gcc/avr/12.1.0/../../../../avr/lib/avr6/crtatmega2560.o
 .debug_abbrev  0x0000000000000b1a      0x1ae obj\Debug\Display.o
 .debug_abbrev  0x0000000000000cc8       0x7b obj\Debug\fuse.o
 .debug_abbrev  0x0000000000000d43      0x182 obj\Debug\Initialisatie.o
 .debug_abbrev  0x0000000000000ec5       0x71 obj\Debug\main.o
 .debug_abbrev  0x0000000000000f36      0x1a4 obj\Debug\RFID_sensor.o
 .debug_abbrev  0x00000000000010da      0x196 obj\Debug\Sequence.o
 .debug_abbrev  0x0000000000001270       0x14 c:/program files (x86)/avr-gcc-12.0.1_hhs/bin/../lib/gcc/avr/12.1.0/avr6\libgcc.a(_exit.o)
 .debug_abbrev  0x0000000000001284       0x14 c:/program files (x86)/avr-gcc-12.0.1_hhs/bin/../lib/gcc/avr/12.1.0/avr6\libgcc.a(_copy_data.o)
 .debug_abbrev  0x0000000000001298       0x14 c:/program files (x86)/avr-gcc-12.0.1_hhs/bin/../lib/gcc/avr/12.1.0/avr6\libgcc.a(_umulhisi3.o)

.debug_line     0x0000000000000000     0x1a2e
 *(.debug_line .debug_line.* .debug_line_end)
 .debug_line    0x0000000000000000       0x1d c:/program files (x86)/avr-gcc-12.0.1_hhs/bin/../lib/gcc/avr/12.1.0/../../../../avr/lib/avr6/crtatmega2560.o
 .debug_line    0x000000000000001d      0x572 obj\Debug\Display.o
 .debug_line    0x000000000000058f       0x3f obj\Debug\fuse.o
 .debug_line    0x00000000000005ce      0x732 obj\Debug\Initialisatie.o
 .debug_line    0x0000000000000d00       0x83 obj\Debug\main.o
 .debug_line    0x0000000000000d83      0x524 obj\Debug\RFID_sensor.o
 .debug_line    0x00000000000012a7      0x604 obj\Debug\Sequence.o
 .debug_line    0x00000000000018ab       0x51 c:/program files (x86)/avr-gcc-12.0.1_hhs/bin/../lib/gcc/avr/12.1.0/avr6\libgcc.a(_exit.o)
 .debug_line    0x00000000000018fc       0x93 c:/program files (x86)/avr-gcc-12.0.1_hhs/bin/../lib/gcc/avr/12.1.0/avr6\libgcc.a(_copy_data.o)
 .debug_line    0x000000000000198f       0x9f c:/program files (x86)/avr-gcc-12.0.1_hhs/bin/../lib/gcc/avr/12.1.0/avr6\libgcc.a(_umulhisi3.o)

.debug_frame    0x0000000000000000      0x2c0
 *(.debug_frame)
 .debug_frame   0x0000000000000000       0x84 obj\Debug\Display.o
 .debug_frame   0x0000000000000084       0x94 obj\Debug\Initialisatie.o
 .debug_frame   0x0000000000000118       0x24 obj\Debug\main.o
 .debug_frame   0x000000000000013c       0xe4 obj\Debug\RFID_sensor.o
 .debug_frame   0x0000000000000220       0xa0 obj\Debug\Sequence.o

.debug_str      0x0000000000000000      0x761
 *(.debug_str)
 .debug_str     0x0000000000000000      0x3e9 c:/program files (x86)/avr-gcc-12.0.1_hhs/bin/../lib/gcc/avr/12.1.0/../../../../avr/lib/avr6/crtatmega2560.o
 .debug_str     0x00000000000003e9      0x152 obj\Debug\Display.o
                                        0x18e (size before relaxing)
 .debug_str     0x000000000000053b       0x1e obj\Debug\fuse.o
                                         0xdc (size before relaxing)
 .debug_str     0x0000000000000559      0x103 obj\Debug\Initialisatie.o
                                        0x253 (size before relaxing)
 .debug_str     0x000000000000065c        0xe obj\Debug\main.o
                                         0xe2 (size before relaxing)
 .debug_str     0x000000000000066a       0x5c obj\Debug\RFID_sensor.o
                                        0x1c4 (size before relaxing)
 .debug_str     0x00000000000006c6       0x3c obj\Debug\Sequence.o
                                        0x19e (size before relaxing)
 .debug_str     0x0000000000000702       0x5f c:/program files (x86)/avr-gcc-12.0.1_hhs/bin/../lib/gcc/avr/12.1.0/avr6\libgcc.a(_exit.o)
 .debug_str     0x0000000000000761       0x5f c:/program files (x86)/avr-gcc-12.0.1_hhs/bin/../lib/gcc/avr/12.1.0/avr6\libgcc.a(_copy_data.o)
 .debug_str     0x0000000000000761       0x5f c:/program files (x86)/avr-gcc-12.0.1_hhs/bin/../lib/gcc/avr/12.1.0/avr6\libgcc.a(_umulhisi3.o)

.debug_loc
 *(.debug_loc)

.debug_macinfo
 *(.debug_macinfo)

.debug_weaknames
 *(.debug_weaknames)

.debug_funcnames
 *(.debug_funcnames)

.debug_typenames
 *(.debug_typenames)

.debug_varnames
 *(.debug_varnames)

.debug_pubtypes
 *(.debug_pubtypes)

.debug_ranges
 *(.debug_ranges)

.debug_addr
 *(.debug_addr)

.debug_line_str
                0x0000000000000000      0x206
 *(.debug_line_str)
 .debug_line_str
                0x0000000000000000       0xd8 obj\Debug\Display.o
                                        0x131 (size before relaxing)
 .debug_line_str
                0x00000000000000d8       0x78 obj\Debug\fuse.o
                                         0xba (size before relaxing)
 .debug_line_str
                0x0000000000000150       0x28 obj\Debug\Initialisatie.o
                                        0x15b (size before relaxing)
 .debug_line_str
                0x0000000000000178       0x22 obj\Debug\main.o
                                         0xf9 (size before relaxing)
 .debug_line_str
                0x000000000000019a        0xe obj\Debug\RFID_sensor.o
                                        0x13d (size before relaxing)
 .debug_line_str
                0x00000000000001a8        0xb obj\Debug\Sequence.o
                                        0x14c (size before relaxing)
 .debug_line_str
                0x00000000000001b3       0x53 c:/program files (x86)/avr-gcc-12.0.1_hhs/bin/../lib/gcc/avr/12.1.0/avr6\libgcc.a(_exit.o)
                                         0x5f (size before relaxing)
 .debug_line_str
                0x0000000000000206       0x5f c:/program files (x86)/avr-gcc-12.0.1_hhs/bin/../lib/gcc/avr/12.1.0/avr6\libgcc.a(_copy_data.o)
 .debug_line_str
                0x0000000000000206       0x5f c:/program files (x86)/avr-gcc-12.0.1_hhs/bin/../lib/gcc/avr/12.1.0/avr6\libgcc.a(_umulhisi3.o)

.debug_loclists
                0x0000000000000000      0x74e
 *(.debug_loclists)
 .debug_loclists
                0x0000000000000000      0x263 obj\Debug\Display.o
 .debug_loclists
                0x0000000000000263      0x140 obj\Debug\Initialisatie.o
 .debug_loclists
                0x00000000000003a3      0x196 obj\Debug\RFID_sensor.o
 .debug_loclists
                0x0000000000000539      0x215 obj\Debug\Sequence.o

.debug_macro
 *(.debug_macro)

.debug_names
 *(.debug_names)

.debug_rnglists
                0x0000000000000000       0x35
 *(.debug_rnglists)
 .debug_rnglists
                0x0000000000000000       0x13 obj\Debug\Display.o
 .debug_rnglists
                0x0000000000000013       0x22 obj\Debug\Sequence.o

.debug_str_offsets
 *(.debug_str_offsets)

.debug_sup
 *(.debug_sup)
OUTPUT(bin\Debug\RFID_module_AGV.elf elf32-avr)
LOAD linker stubs

Cross Reference Table

Symbol                                            File
RFID_aanzetten                                    obj\Debug\Initialisatie.o
RFID_checken                                      obj\Debug\RFID_sensor.o
                                                  obj\Debug\Sequence.o
RFID_read_links                                   obj\Debug\RFID_sensor.o
                                                  obj\Debug\Initialisatie.o
RFID_read_rechts                                  obj\Debug\RFID_sensor.o
                                                  obj\Debug\Initialisatie.o
RFID_write_links                                  obj\Debug\RFID_sensor.o
                                                  obj\Debug\Initialisatie.o
RFID_write_rechts                                 obj\Debug\RFID_sensor.o
                                                  obj\Debug\Initialisatie.o
__FUSE_REGION_LENGTH__                            c:/program files (x86)/avr-gcc-12.0.1_hhs/bin/../lib/gcc/avr/12.1.0/../../../../avr/lib/avr6/crtatmega2560.o
__bad_interrupt                                   c:/program files (x86)/avr-gcc-12.0.1_hhs/bin/../lib/gcc/avr/12.1.0/../../../../avr/lib/avr6/crtatmega2560.o
__data_end                                        c:/program files (x86)/avr-gcc-12.0.1_hhs/bin/../lib/gcc/avr/12.1.0/avr6\libgcc.a(_copy_data.o)
__data_load_start                                 c:/program files (x86)/avr-gcc-12.0.1_hhs/bin/../lib/gcc/avr/12.1.0/avr6\libgcc.a(_copy_data.o)
__data_start                                      c:/program files (x86)/avr-gcc-12.0.1_hhs/bin/../lib/gcc/avr/12.1.0/avr6\libgcc.a(_copy_data.o)
__do_copy_data                                    c:/program files (x86)/avr-gcc-12.0.1_hhs/bin/../lib/gcc/avr/12.1.0/avr6\libgcc.a(_copy_data.o)
                                                  obj\Debug\Display.o
__fuse                                            obj\Debug\fuse.o
__heap_end                                        c:/program files (x86)/avr-gcc-12.0.1_hhs/bin/../lib/gcc/avr/12.1.0/../../../../avr/lib/avr6/crtatmega2560.o
__init                                            c:/program files (x86)/avr-gcc-12.0.1_hhs/bin/../lib/gcc/avr/12.1.0/../../../../avr/lib/avr6/crtatmega2560.o
__stack                                           c:/program files (x86)/avr-gcc-12.0.1_hhs/bin/../lib/gcc/avr/12.1.0/../../../../avr/lib/avr6/crtatmega2560.o
__umulhisi3                                       c:/program files (x86)/avr-gcc-12.0.1_hhs/bin/../lib/gcc/avr/12.1.0/avr6\libgcc.a(_umulhisi3.o)
                                                  obj\Debug\Display.o
__vector_1                                        c:/program files (x86)/avr-gcc-12.0.1_hhs/bin/../lib/gcc/avr/12.1.0/../../../../avr/lib/avr6/crtatmega2560.o
__vector_10                                       c:/program files (x86)/avr-gcc-12.0.1_hhs/bin/../lib/gcc/avr/12.1.0/../../../../avr/lib/avr6/crtatmega2560.o
__vector_11                                       c:/program files (x86)/avr-gcc-12.0.1_hhs/bin/../lib/gcc/avr/12.1.0/../../../../avr/lib/avr6/crtatmega2560.o
__vector_12                                       c:/program files (x86)/avr-gcc-12.0.1_hhs/bin/../lib/gcc/avr/12.1.0/../../../../avr/lib/avr6/crtatmega2560.o
__vector_13                                       c:/program files (x86)/avr-gcc-12.0.1_hhs/bin/../lib/gcc/avr/12.1.0/../../../../avr/lib/avr6/crtatmega2560.o
__vector_14                                       c:/program files (x86)/avr-gcc-12.0.1_hhs/bin/../lib/gcc/avr/12.1.0/../../../../avr/lib/avr6/crtatmega2560.o
__vector_15                                       c:/program files (x86)/avr-gcc-12.0.1_hhs/bin/../lib/gcc/avr/12.1.0/../../../../avr/lib/avr6/crtatmega2560.o
__vector_16                                       c:/program files (x86)/avr-gcc-12.0.1_hhs/bin/../lib/gcc/avr/12.1.0/../../../../avr/lib/avr6/crtatmega2560.o
__vector_17                                       c:/program files (x86)/avr-gcc-12.0.1_hhs/bin/../lib/gcc/avr/12.1.0/../../../../avr/lib/avr6/crtatmega2560.o
__vector_18                                       c:/program files (x86)/avr-gcc-12.0.1_hhs/bin/../lib/gcc/avr/12.1.0/../../../../avr/lib/avr6/crtatmega2560.o
__vector_19                                       c:/program files (x86)/avr-gcc-12.0.1_hhs/bin/../lib/gcc/avr/12.1.0/../../../../avr/lib/avr6/crtatmega2560.o
__vector_2                                        c:/program files (x86)/avr-gcc-12.0.1_hhs/bin/../lib/gcc/avr/12.1.0/../../../../avr/lib/avr6/crtatmega2560.o
__vector_20                                       c:/program files (x86)/avr-gcc-12.0.1_hhs/bin/../lib/gcc/avr/12.1.0/../../../../avr/lib/avr6/crtatmega2560.o
__vector_21                                       c:/program files (x86)/avr-gcc-12.0.1_hhs/bin/../lib/gcc/avr/12.1.0/../../../../avr/lib/avr6/crtatmega2560.o
__vector_22                                       c:/program files (x86)/avr-gcc-12.0.1_hhs/bin/../lib/gcc/avr/12.1.0/../../../../avr/lib/avr6/crtatmega2560.o
__vector_23                                       c:/program files (x86)/avr-gcc-12.0.1_hhs/bin/../lib/gcc/avr/12.1.0/../../../../avr/lib/avr6/crtatmega2560.o
__vector_24                                       c:/program files (x86)/avr-gcc-12.0.1_hhs/bin/../lib/gcc/avr/12.1.0/../../../../avr/lib/avr6/crtatmega2560.o
__vector_25                                       c:/program files (x86)/avr-gcc-12.0.1_hhs/bin/../lib/gcc/avr/12.1.0/../../../../avr/lib/avr6/crtatmega2560.o
__vector_26                                       c:/program files (x86)/avr-gcc-12.0.1_hhs/bin/../lib/gcc/avr/12.1.0/../../../../avr/lib/avr6/crtatmega2560.o
__vector_27                                       c:/program files (x86)/avr-gcc-12.0.1_hhs/bin/../lib/gcc/avr/12.1.0/../../../../avr/lib/avr6/crtatmega2560.o
__vector_28                                       c:/program files (x86)/avr-gcc-12.0.1_hhs/bin/../lib/gcc/avr/12.1.0/../../../../avr/lib/avr6/crtatmega2560.o
__vector_29                                       c:/program files (x86)/avr-gcc-12.0.1_hhs/bin/../lib/gcc/avr/12.1.0/../../../../avr/lib/avr6/crtatmega2560.o
__vector_3                                        c:/program files (x86)/avr-gcc-12.0.1_hhs/bin/../lib/gcc/avr/12.1.0/../../../../avr/lib/avr6/crtatmega2560.o
__vector_30                                       c:/program files (x86)/avr-gcc-12.0.1_hhs/bin/../lib/gcc/avr/12.1.0/../../../../avr/lib/avr6/crtatmega2560.o
__vector_31                                       c:/program files (x86)/avr-gcc-12.0.1_hhs/bin/../lib/gcc/avr/12.1.0/../../../../avr/lib/avr6/crtatmega2560.o
__vector_32                                       c:/program files (x86)/avr-gcc-12.0.1_hhs/bin/../lib/gcc/avr/12.1.0/../../../../avr/lib/avr6/crtatmega2560.o
__vector_33                                       c:/program files (x86)/avr-gcc-12.0.1_hhs/bin/../lib/gcc/avr/12.1.0/../../../../avr/lib/avr6/crtatmega2560.o
__vector_34                                       c:/program files (x86)/avr-gcc-12.0.1_hhs/bin/../lib/gcc/avr/12.1.0/../../../../avr/lib/avr6/crtatmega2560.o
__vector_35                                       c:/program files (x86)/avr-gcc-12.0.1_hhs/bin/../lib/gcc/avr/12.1.0/../../../../avr/lib/avr6/crtatmega2560.o
__vector_36                                       c:/program files (x86)/avr-gcc-12.0.1_hhs/bin/../lib/gcc/avr/12.1.0/../../../../avr/lib/avr6/crtatmega2560.o
__vector_37                                       c:/program files (x86)/avr-gcc-12.0.1_hhs/bin/../lib/gcc/avr/12.1.0/../../../../avr/lib/avr6/crtatmega2560.o
__vector_38                                       c:/program files (x86)/avr-gcc-12.0.1_hhs/bin/../lib/gcc/avr/12.1.0/../../../../avr/lib/avr6/crtatmega2560.o
__vector_39                                       c:/program files (x86)/avr-gcc-12.0.1_hhs/bin/../lib/gcc/avr/12.1.0/../../../../avr/lib/avr6/crtatmega2560.o
__vector_4                                        c:/program files (x86)/avr-gcc-12.0.1_hhs/bin/../lib/gcc/avr/12.1.0/../../../../avr/lib/avr6/crtatmega2560.o
__vector_40                                       c:/program files (x86)/avr-gcc-12.0.1_hhs/bin/../lib/gcc/avr/12.1.0/../../../../avr/lib/avr6/crtatmega2560.o
__vector_41                                       c:/program files (x86)/avr-gcc-12.0.1_hhs/bin/../lib/gcc/avr/12.1.0/../../../../avr/lib/avr6/crtatmega2560.o
__vector_42                                       c:/program files (x86)/avr-gcc-12.0.1_hhs/bin/../lib/gcc/avr/12.1.0/../../../../avr/lib/avr6/crtatmega2560.o
__vector_43                                       c:/program files (x86)/avr-gcc-12.0.1_hhs/bin/../lib/gcc/avr/12.1.0/../../../../avr/lib/avr6/crtatmega2560.o
__vector_44                                       c:/program files (x86)/avr-gcc-12.0.1_hhs/bin/../lib/gcc/avr/12.1.0/../../../../avr/lib/avr6/crtatmega2560.o
__vector_45                                       c:/program files (x86)/avr-gcc-12.0.1_hhs/bin/../lib/gcc/avr/12.1.0/../../../../avr/lib/avr6/crtatmega2560.o
__vector_46                                       c:/program files (x86)/avr-gcc-12.0.1_hhs/bin/../lib/gcc/avr/12.1.0/../../../../avr/lib/avr6/crtatmega2560.o
__vector_47                                       c:/program files (x86)/avr-gcc-12.0.1_hhs/bin/../lib/gcc/avr/12.1.0/../../../../avr/lib/avr6/crtatmega2560.o
__vector_48                                       c:/program files (x86)/avr-gcc-12.0.1_hhs/bin/../lib/gcc/avr/12.1.0/../../../../avr/lib/avr6/crtatmega2560.o
__vector_49                                       c:/program files (x86)/avr-gcc-12.0.1_hhs/bin/../lib/gcc/avr/12.1.0/../../../../avr/lib/avr6/crtatmega2560.o
__vector_5                                        c:/program files (x86)/avr-gcc-12.0.1_hhs/bin/../lib/gcc/avr/12.1.0/../../../../avr/lib/avr6/crtatmega2560.o
__vector_50                                       c:/program files (x86)/avr-gcc-12.0.1_hhs/bin/../lib/gcc/avr/12.1.0/../../../../avr/lib/avr6/crtatmega2560.o
__vector_51                                       c:/program files (x86)/avr-gcc-12.0.1_hhs/bin/../lib/gcc/avr/12.1.0/../../../../avr/lib/avr6/crtatmega2560.o
__vector_52                                       c:/program files (x86)/avr-gcc-12.0.1_hhs/bin/../lib/gcc/avr/12.1.0/../../../../avr/lib/avr6/crtatmega2560.o
__vector_53                                       c:/program files (x86)/avr-gcc-12.0.1_hhs/bin/../lib/gcc/avr/12.1.0/../../../../avr/lib/avr6/crtatmega2560.o
__vector_54                                       c:/program files (x86)/avr-gcc-12.0.1_hhs/bin/../lib/gcc/avr/12.1.0/../../../../avr/lib/avr6/crtatmega2560.o
__vector_55                                       c:/program files (x86)/avr-gcc-12.0.1_hhs/bin/../lib/gcc/avr/12.1.0/../../../../avr/lib/avr6/crtatmega2560.o
__vector_56                                       c:/program files (x86)/avr-gcc-12.0.1_hhs/bin/../lib/gcc/avr/12.1.0/../../../../avr/lib/avr6/crtatmega2560.o
__vector_6                                        c:/program files (x86)/avr-gcc-12.0.1_hhs/bin/../lib/gcc/avr/12.1.0/../../../../avr/lib/avr6/crtatmega2560.o
__vector_7                                        c:/program files (x86)/avr-gcc-12.0.1_hhs/bin/../lib/gcc/avr/12.1.0/../../../../avr/lib/avr6/crtatmega2560.o
__vector_8                                        c:/program files (x86)/avr-gcc-12.0.1_hhs/bin/../lib/gcc/avr/12.1.0/../../../../avr/lib/avr6/crtatmega2560.o
__vector_9                                        c:/program files (x86)/avr-gcc-12.0.1_hhs/bin/../lib/gcc/avr/12.1.0/../../../../avr/lib/avr6/crtatmega2560.o
__vector_default                                  c:/program files (x86)/avr-gcc-12.0.1_hhs/bin/../lib/gcc/avr/12.1.0/../../../../avr/lib/avr6/crtatmega2560.o
__vectors                                         c:/program files (x86)/avr-gcc-12.0.1_hhs/bin/../lib/gcc/avr/12.1.0/../../../../avr/lib/avr6/crtatmega2560.o
_exit                                             c:/program files (x86)/avr-gcc-12.0.1_hhs/bin/../lib/gcc/avr/12.1.0/avr6\libgcc.a(_exit.o)
detectie                                          obj\Debug\Sequence.o
                                                  obj\Debug\main.o
display                                           obj\Debug\Display.o
                                                  obj\Debug\Sequence.o
                                                  obj\Debug\Initialisatie.o
display_verzending_aan                            obj\Debug\Display.o
                                                  obj\Debug\Initialisatie.o
display_verzending_uit                            obj\Debug\Display.o
                                                  obj\Debug\Initialisatie.o
exit                                              c:/program files (x86)/avr-gcc-12.0.1_hhs/bin/../lib/gcc/avr/12.1.0/avr6\libgcc.a(_exit.o)
                                                  c:/program files (x86)/avr-gcc-12.0.1_hhs/bin/../lib/gcc/avr/12.1.0/../../../../avr/lib/avr6/crtatmega2560.o
initialisatie                                     obj\Debug\Initialisatie.o
                                                  obj\Debug\main.o
initialisatie_IRsensor                            obj\Debug\Initialisatie.o
initialisatie_RFID                                obj\Debug\Initialisatie.o
initialisatie_communicatie                        obj\Debug\Initialisatie.o
initialisatie_display                             obj\Debug\Initialisatie.o
initialisatie_knop                                obj\Debug\Initialisatie.o
initialisatie_leds                                obj\Debug\Initialisatie.o
led_blauw                                         obj\Debug\Sequence.o
led_groen                                         obj\Debug\Sequence.o
main                                              obj\Debug\main.o
                                                  c:/program files (x86)/avr-gcc-12.0.1_hhs/bin/../lib/gcc/avr/12.1.0/../../../../avr/lib/avr6/crtatmega2560.o
pasje_checken_links                               obj\Debug\RFID_sensor.o
pasje_checken_rechts                              obj\Debug\RFID_sensor.o
segmentMap                                        obj\Debug\Display.o
send_byte                                         obj\Debug\Display.o
                                                  obj\Debug\Initialisatie.o
spi_transfer                                      obj\Debug\RFID_sensor.o
stopsignaal_hoog                                  obj\Debug\Sequence.o
stopsignaal_laag                                  obj\Debug\Sequence.o
